{
  "commands": [],
  "config": {},
  "errors": [
    {
      "analysis_execution_time": null,
      "command_exit_code": 1,
      "command_output": "/root/.opentrons/robot_settings.json not found. Loading defaults\nBelt calibration not found.\nError: ParameterDefinitionError [line 62]: All choices provided must be of type 'str'\nfrom_conf {} default {<InstrumentProbeType.PRIMARY: 1>: '/data/pressure_sensor_data.csv'}\nresult {}\n"
    }
  ],
  "files": [],
  "labware": [],
  "liquids": [],
  "metadata": [],
  "modules": [],
  "pipettes": [],
  "runTimeParameters": []
}
