{
  "commands": [
    {
      "commandType": "home",
      "notes": [],
      "params": {},
      "result": {},
      "status": "succeeded"
    },
    {
      "commandType": "loadModule",
      "notes": [],
      "params": {
        "location": {
          "slotName": "B1"
        },
        "model": "thermocyclerModuleV2"
      },
      "result": {
        "definition": {
          "calibrationPoint": {
            "x": 14.4,
            "y": 64.93,
            "z": 97.8
          },
          "compatibleWith": [],
          "dimensions": {
            "bareOverallHeight": 108.96,
            "lidHeight": 61.7,
            "overLabwareHeight": 0.0
          },
          "displayName": "Thermocycler Module GEN2",
          "gripperOffsets": {
            "default": {
              "dropOffset": {
                "x": 0.0,
                "y": 0.0,
                "z": 5.6
              },
              "pickUpOffset": {
                "x": 0.0,
                "y": 0.0,
                "z": 4.6
              }
            }
          },
          "labwareOffset": {
            "x": 0.0,
            "y": 68.8,
            "z": 108.96
          },
          "model": "thermocyclerModuleV2",
          "moduleType": "thermocyclerModuleType",
          "otSharedSchema": "module/schemas/2",
          "quirks": [],
          "slotTransforms": {
            "ot3_standard": {
              "B1": {
                "cornerOffsetFromSlot": [
                  [
                    -98,
                    0,
                    0,
                    1
                  ],
                  [
                    -20.005,
                    0,
                    0,
                    1
                  ],
                  [
                    -0.84,
                    0,
                    0,
                    1
                  ],
                  [
                    0,
                    0,
                    0,
                    1
                  ]
                ],
                "labwareOffset": [
                  [
                    -98,
                    0,
                    0,
                    1
                  ],
                  [
                    -20.005,
                    0,
                    0,
                    1
                  ],
                  [
                    -0.84,
                    0,
                    0,
                    1
                  ],
                  [
                    0,
                    0,
                    0,
                    1
                  ]
                ]
              }
            }
          }
        },
        "model": "thermocyclerModuleV2"
      },
      "status": "succeeded"
    },
    {
      "commandType": "thermocycler/openLid",
      "notes": [],
      "params": {},
      "result": {},
      "status": "succeeded"
    }
  ],
  "config": {
    "apiVersion": [
      2,
      15
    ],
    "protocolType": "python"
  },
  "errors": [
    {
      "detail": "NameError [line 143]: name 'real_mode' is not defined",
      "errorCode": "4000",
      "errorInfo": {},
      "errorType": "ExceptionInProtocolError",
      "isDefined": false,
      "wrappedErrors": [
        {
          "detail": "NameError: name 'real_mode' is not defined",
          "errorCode": "4000",
          "errorInfo": {
            "args": "(\"name 'real_mode' is not defined\",)",
            "class": "NameError",
            "name": "real_mode",
            "traceback": "  File \"/usr/local/lib/python3.10/site-packages/opentrons/protocols/execution/execute_python.py\", line 147, in exec_run\n    exec(\"run(__context)\", new_globs)\n\n  File \"<string>\", line 1, in <module>\n\n  File \"pl_Normalization_with_PCR.py\", line 143, in run\n"
          },
          "errorType": "PythonException",
          "isDefined": false,
          "wrappedErrors": []
        }
      ]
    }
  ],
  "files": [
    {
      "name": "Axygen_96_Well_Plate_200_uL.json",
      "role": "labware"
    },
    {
      "name": "BioRad_96_Well_Plate_200_uL.json",
      "role": "labware"
    },
    {
      "name": "Macherey_Nagel_deepwell_plate_2200ul.json",
      "role": "labware"
    },
    {
      "name": "Omni_Plate_with_Tilt_Adapter.json",
      "role": "labware"
    },
    {
      "name": "Omni_Tray_Single_Well_Plate.json",
      "role": "labware"
    },
    {
      "name": "Thermo_96_Well_Plate_2200_uL.json",
      "role": "labware"
    },
    {
      "name": "cpx_4_tuberack_100ul.json",
      "role": "labware"
    },
    {
      "name": "opentrons_ot3_96_tiprack_1000ul_rss.json",
      "role": "labware"
    },
    {
      "name": "opentrons_ot3_96_tiprack_200ul_rss.json",
      "role": "labware"
    },
    {
      "name": "opentrons_ot3_96_tiprack_50ul_rss.json",
      "role": "labware"
    },
    {
      "name": "pl_Normalization_with_PCR.py",
      "role": "main"
    },
    {
      "name": "sample_labware.json",
      "role": "labware"
    }
  ],
  "labware": [
    {
      "definitionUri": "opentrons/opentrons_1_trash_3200ml_fixed/1",
      "loadName": "opentrons_1_trash_3200ml_fixed",
      "location": {
        "slotName": "A3"
      }
    }
  ],
  "liquids": [],
  "metadata": {
    "author": "Rami Farawi <ndiehl@opentrons.com",
    "ctx.Name": "PCR Protocol"
  },
  "modules": [
    {
      "location": {
        "slotName": "B1"
      },
      "model": "thermocyclerModuleV2"
    }
  ],
  "pipettes": [],
  "result": "not-ok",
  "robotType": "OT-3 Standard",
  "runTimeParameters": []
}
