{
  "commands": [],
  "config": {},
  "errors": [
    {
      "analysis_execution_time": null,
      "command_exit_code": 1,
      "command_output": "/root/.opentrons/robot_settings.json not found. Loading defaults\n/root/.opentrons/robot_settings.json not found. Loading defaults\nDeck calibration not found.\n/root/.opentrons/deck_calibration.json not found. Loading defaults\nError: ParameterNameError [line 28]: \"variable_a\" is already defined as a variable name for another parameter. All variable names must be unique.\n"
    }
  ],
  "files": [],
  "labware": [],
  "liquids": [],
  "metadata": [],
  "modules": [],
  "pipettes": [],
  "runTimeParameters": []
}
