{
  "commands": [],
  "config": {},
  "errors": [
    {
      "analysis_execution_time": null,
      "command_exit_code": 1,
      "command_output": "/root/.opentrons/robot_settings.json not found. Loading defaults\nBelt calibration not found.\nError: ParameterValueError [line 48]: Parameter must be set to one of the allowed values of {'flex_1channel_50', 'flex_8channel_50'}.\nfrom_conf {} default {<InstrumentProbeType.PRIMARY: 1>: '/data/pressure_sensor_data.csv'}\nresult {}\n"
    }
  ],
  "files": [],
  "labware": [],
  "liquids": [],
  "metadata": [],
  "modules": [],
  "pipettes": [],
  "runTimeParameters": []
}
